<html>
<body>
<pre>
<h1>µVision Build Log</h1>
<h2>Tool Versions:</h2>
IDE-Version: µVision V5.22.0.0
Copyright (C) 2016 ARM Ltd and ARM Germany GmbH. All rights reserved.
License Information: Jomon Thomas, irisind, LIC=----
 
Tool Versions:
Toolchain:       MDK-Lite  Version: 5.22
Toolchain Path:  F:\programs2\KEIL-MDK-ARM\ARM\ARMCC\Bin
C Compiler:      Armcc.exe V5.06 update 4 (build 422)
Assembler:       Armasm.exe V5.06 update 4 (build 422)
Linker/Locator:  ArmLink.exe V5.06 update 4 (build 422)
Library Manager: ArmAr.exe V5.06 update 4 (build 422)
Hex Converter:   FromElf.exe V5.06 update 4 (build 422)
CPU DLL:         SARMCM3.DLL V5.22
Dialog DLL:      DCM.DLL V1.13.9.0
Target DLL:      Segger\JL2CM3.dll V2.99.23.0
Dialog DLL:      TCM.DLL V1.21.0.0
 
<h2>Project:</h2>
C:\Users\Jomon Thomas\Desktop\DIY\stm_cdc\MDK-ARM\stm_cdc.uvprojx
Project File Date:  03/10/2018

<h2>Output:</h2>
*** Using Compiler 'V5.06 update 4 (build 422)', folder: 'F:\programs2\KEIL-MDK-ARM\ARM\ARMCC\Bin'
Build target 'stm_cdc'
compiling main.c...
../Drivers/STM32F1xx_HAL_Driver/Inc/stm32f1xx_hal_rcc.h(74): warning:  #47-D: incompatible redefinition of macro "LSI_VALUE"  (declared at line 121 of "../Inc/stm32f1xx_hal_conf.h")
  #define LSI_VALUE                 ((uint32_t)40000)  /* 40kHz */
../Src/main.c: 1 warning, 0 errors
linking...
Program Size: Code=12228 RO-data=292 RW-data=364 ZI-data=3748  
"stm_cdc\stm_cdc.axf" - 0 Error(s), 1 Warning(s).

<h2>Software Packages used:</h2>

Package Vendor: ARM
                http://www.keil.com/pack/ARM.CMSIS.5.0.0.pack
                ARM::CMSIS:CORE:5.0.0
                CMSIS (Cortex Microcontroller Software Interface Standard)
   * Component: CORE Version: 5.0.0

<h2>Collection of Component include folders:</h2>
  C:\Users\Jomon Thomas\Desktop\DIY\stm_cdc\MDK-ARM\RTE\_stm_cdc
  F:\programs2\KEIL-MDK-ARM\ARM\PACK\ARM\CMSIS\5.0.0\CMSIS\Include
  F:\programs2\KEIL-MDK-ARM\ARM\PACK\Keil\STM32F1xx_DFP\2.1.0\Device\Include

<h2>Collection of Component Files used:</h2>

   * Component: ARM::CMSIS:CORE:5.0.0
Build Time Elapsed:  00:00:03
</pre>
</body>
</html>
